../Core/Src/main.c:124:6:Up	8	static
../Core/Src/main.c:139:6:Down	8	static
../Core/Src/main.c:151:6:hormove	16	static
../Core/Src/main.c:163:6:vertmove	16	static
../Core/Src/main.c:175:6:forcemove	40	static
../Core/Src/main.c:200:6:moveRelative	24	static
../Core/Src/main.c:223:6:shiftPiece	32	static
../Core/Src/main.c:238:6:undoShift	32	static
../Core/Src/main.c:253:6:shiftAll	24	static
../Core/Src/main.c:313:6:undoshiftAll	24	static
../Core/Src/main.c:374:6:shiftKnight	24	static
../Core/Src/main.c:430:6:moveKnight	16	static
../Core/Src/main.c:442:6:play_audio	8	static
../Core/Src/main.c:448:6:init	8	static
../Core/Src/main.c:453:6:diagonalmove	16	static
../Core/Src/main.c:473:6:homing	16	static
../Core/Src/main.c:497:6:movefrom	48	static
../Core/Src/main.c:541:6:readsensor	376	static
../Core/Src/main.c:668:6:loop	32	static
../Core/Src/main.c:762:6:playerlcd	24	static
../Core/Src/main.c:769:6:botlcd	24	static
../Core/Src/main.c:775:6:takinglcd	24	static
../Core/Src/main.c:787:5:main	72	static
../Core/Src/main.c:944:6:SystemClock_Config	96	static
../Core/Src/main.c:989:13:MX_LPUART1_UART_Init	8	static
../Core/Src/main.c:1037:13:MX_USART1_UART_Init	8	static
../Core/Src/main.c:1085:13:MX_USART2_UART_Init	8	static
../Core/Src/main.c:1133:13:MX_SPI1_Init	8	static
../Core/Src/main.c:1173:13:MX_TIM4_Init	64	static
../Core/Src/main.c:1231:13:MX_GPIO_Init	64	static
../Core/Src/main.c:1486:1:__io_putchar	16	static
../Core/Src/main.c:1493:6:HAL_GPIO_EXTI_Callback	16	static
../Core/Src/main.c:1506:6:Error_Handler	4	static,ignoring_inline_asm
